15:29:14 **** Incremental Build of configuration Debug for project Sun_Tracker ****
make -j12 all 
arm-none-eabi-gcc "../Core/Src/main.c" -mcpu=cortex-m4 -std=gnu11 -g3 -DDEBUG -DUSE_HAL_DRIVER -DSTM32F446xx -c -I../Core/Inc -I../Drivers/STM32F4xx_HAL_Driver/Inc -I../Drivers/STM32F4xx_HAL_Driver/Inc/Legacy -I../Drivers/CMSIS/Device/ST/STM32F4xx/Include -I../Drivers/CMSIS/Include -O0 -ffunction-sections -fdata-sections -Wall -fstack-usage -fcyclomatic-complexity -MMD -MP -MF"Core/Src/main.d" -MT"Core/Src/main.o" --specs=nano.specs -mfpu=fpv4-sp-d16 -mfloat-abi=hard -mthumb -o "Core/Src/main.o"
../Core/Src/main.c: In function 'main':
../Core/Src/main.c:118:21: warning: implicit declaration of function 'abs' [-Wimplicit-function-declaration]
  118 |           difADCs = abs(difADCs);
      |                     ^~~
../Core/Src/main.c:29:1: note: include '<stdlib.h>' or provide a declaration of 'abs'
   28 | #include "math.h"
  +++ |+#include <stdlib.h>
   29 | /* USER CODE END Includes */
arm-none-eabi-gcc -o "Sun_Tracker.elf" @"objects.list"   -mcpu=cortex-m4 -T"C:\Users\lucas\Documents\4º Ano\Micros_2\Sun_Tracker\Sun_Tracker\STM32F446RETX_FLASH.ld" --specs=nosys.specs -Wl,-Map="Sun_Tracker.map" -Wl,--gc-sections -static --specs=nano.specs -mfpu=fpv4-sp-d16 -mfloat-abi=hard -mthumb -Wl,--start-group -lc -lm -Wl,--end-group
Finished building target: Sun_Tracker.elf
 
arm-none-eabi-size  Sun_Tracker.elf 
arm-none-eabi-objdump -h -S Sun_Tracker.elf  > "Sun_Tracker.list"
   text	   data	    bss	    dec	    hex	filename
  15312	     12	   1868	  17192	   4328	Sun_Tracker.elf
Finished building: default.size.stdout
 
Finished building: Sun_Tracker.list
 
15:29:21 **** Incremental Build of configuration Debug for project Sun_Tracker ****
make -j12 all 
arm-none-eabi-size  Sun_Tracker.elf 
   text	   data	    bss	    dec	    hex	filename
  15312	     12	   1868	  17192	   4328	Sun_Tracker.elf
Finished building: default.size.stdout
 
15:31:22 **** Incremental Build of configuration Debug for project Sun_Tracker ****
make -j12 all 
arm-none-eabi-gcc "../Core/Src/main.c" -mcpu=cortex-m4 -std=gnu11 -g3 -DDEBUG -DUSE_HAL_DRIVER -DSTM32F446xx -c -I../Core/Inc -I../Drivers/STM32F4xx_HAL_Driver/Inc -I../Drivers/STM32F4xx_HAL_Driver/Inc/Legacy -I../Drivers/CMSIS/Device/ST/STM32F4xx/Include -I../Drivers/CMSIS/Include -O0 -ffunction-sections -fdata-sections -Wall -fstack-usage -fcyclomatic-complexity -MMD -MP -MF"Core/Src/main.d" -MT"Core/Src/main.o" --specs=nano.specs -mfpu=fpv4-sp-d16 -mfloat-abi=hard -mthumb -o "Core/Src/main.o"
../Core/Src/main.c: In function 'main':
../Core/Src/main.c:118:21: warning: implicit declaration of function 'abs' [-Wimplicit-function-declaration]
  118 |           difADCs = abs(difADCs);
      |                     ^~~
../Core/Src/main.c:29:1: note: include '<stdlib.h>' or provide a declaration of 'abs'
   28 | #include "math.h"
  +++ |+#include <stdlib.h>
   29 | /* USER CODE END Includes */
arm-none-eabi-gcc -o "Sun_Tracker.elf" @"objects.list"   -mcpu=cortex-m4 -T"C:\Users\lucas\Documents\4º Ano\Micros_2\Sun_Tracker\Sun_Tracker\STM32F446RETX_FLASH.ld" --specs=nosys.specs -Wl,-Map="Sun_Tracker.map" -Wl,--gc-sections -static --specs=nano.specs -mfpu=fpv4-sp-d16 -mfloat-abi=hard -mthumb -Wl,--start-group -lc -lm -Wl,--end-group
Finished building target: Sun_Tracker.elf
 
arm-none-eabi-size  Sun_Tracker.elf 
arm-none-eabi-objdump -h -S Sun_Tracker.elf  > "Sun_Tracker.list"
   text	   data	    bss	    dec	    hex	filename
  15308	     12	   1868	  17188	   4324	Sun_Tracker.elf
Finished building: default.size.stdout
 
Finished building: Sun_Tracker.list
 
15:38:57 **** Incremental Build of configuration Debug for project Sun_Tracker ****
make -j12 all 
arm-none-eabi-gcc "../Core/Src/main.c" -mcpu=cortex-m4 -std=gnu11 -g3 -DDEBUG -DUSE_HAL_DRIVER -DSTM32F446xx -c -I../Core/Inc -I../Drivers/STM32F4xx_HAL_Driver/Inc -I../Drivers/STM32F4xx_HAL_Driver/Inc/Legacy -I../Drivers/CMSIS/Device/ST/STM32F4xx/Include -I../Drivers/CMSIS/Include -O0 -ffunction-sections -fdata-sections -Wall -fstack-usage -fcyclomatic-complexity -MMD -MP -MF"Core/Src/main.d" -MT"Core/Src/main.o" --specs=nano.specs -mfpu=fpv4-sp-d16 -mfloat-abi=hard -mthumb -o "Core/Src/main.o"
../Core/Src/main.c: In function 'main':
../Core/Src/main.c:134:11: warning: implicit declaration of function 'sprintf' [-Wimplicit-function-declaration]
  134 |           sprintf(mensagem, "dif=%d", difADCs);
      |           ^~~~~~~
../Core/Src/main.c:31:1: note: include '<stdio.h>' or provide a declaration of 'sprintf'
   30 | #include "stdlib.h"
  +++ |+#include <stdio.h>
   31 | /* USER CODE END Includes */
../Core/Src/main.c:134:11: warning: incompatible implicit declaration of built-in function 'sprintf' [-Wbuiltin-declaration-mismatch]
  134 |           sprintf(mensagem, "dif=%d", difADCs);
      |           ^~~~~~~
../Core/Src/main.c:134:11: note: include '<stdio.h>' or provide a declaration of 'sprintf'
../Core/Src/main.c:134:19: error: 'mensagem' undeclared (first use in this function)
  134 |           sprintf(mensagem, "dif=%d", difADCs);
      |                   ^~~~~~~~
../Core/Src/main.c:134:19: note: each undeclared identifier is reported only once for each function it appears in
make: *** [Core/Src/subdir.mk:46: Core/Src/main.o] Error 1
"make -j12 all" terminated with exit code 2. Build might be incomplete.
15:39:12 **** Incremental Build of configuration Debug for project Sun_Tracker ****
make -j12 all 
arm-none-eabi-gcc "../Core/Src/main.c" -mcpu=cortex-m4 -std=gnu11 -g3 -DDEBUG -DUSE_HAL_DRIVER -DSTM32F446xx -c -I../Core/Inc -I../Drivers/STM32F4xx_HAL_Driver/Inc -I../Drivers/STM32F4xx_HAL_Driver/Inc/Legacy -I../Drivers/CMSIS/Device/ST/STM32F4xx/Include -I../Drivers/CMSIS/Include -O0 -ffunction-sections -fdata-sections -Wall -fstack-usage -fcyclomatic-complexity -MMD -MP -MF"Core/Src/main.d" -MT"Core/Src/main.o" --specs=nano.specs -mfpu=fpv4-sp-d16 -mfloat-abi=hard -mthumb -o "Core/Src/main.o"
../Core/Src/main.c: In function 'main':
../Core/Src/main.c:134:11: warning: implicit declaration of function 'sprintf' [-Wimplicit-function-declaration]
  134 |           sprintf(frase, "dif=%d", difADCs);
      |           ^~~~~~~
../Core/Src/main.c:31:1: note: include '<stdio.h>' or provide a declaration of 'sprintf'
   30 | #include "stdlib.h"
  +++ |+#include <stdio.h>
   31 | /* USER CODE END Includes */
../Core/Src/main.c:134:11: warning: incompatible implicit declaration of built-in function 'sprintf' [-Wbuiltin-declaration-mismatch]
  134 |           sprintf(frase, "dif=%d", difADCs);
      |           ^~~~~~~
../Core/Src/main.c:134:11: note: include '<stdio.h>' or provide a declaration of 'sprintf'
arm-none-eabi-gcc -o "Sun_Tracker.elf" @"objects.list"   -mcpu=cortex-m4 -T"C:\Users\lucas\Documents\4º Ano\Micros_2\Sun_Tracker\Sun_Tracker\STM32F446RETX_FLASH.ld" --specs=nosys.specs -Wl,-Map="Sun_Tracker.map" -Wl,--gc-sections -static --specs=nano.specs -mfpu=fpv4-sp-d16 -mfloat-abi=hard -mthumb -Wl,--start-group -lc -lm -Wl,--end-group
Finished building target: Sun_Tracker.elf
 
arm-none-eabi-size  Sun_Tracker.elf 
arm-none-eabi-objdump -h -S Sun_Tracker.elf  > "Sun_Tracker.list"
   text	   data	    bss	    dec	    hex	filename
  17984	     92	   2212	  20288	   4f40	Sun_Tracker.elf
Finished building: default.size.stdout
 
Finished building: Sun_Tracker.list
 
15:39:38 **** Incremental Build of configuration Debug for project Sun_Tracker ****
make -j12 all 
arm-none-eabi-gcc "../Core/Src/main.c" -mcpu=cortex-m4 -std=gnu11 -g3 -DDEBUG -DUSE_HAL_DRIVER -DSTM32F446xx -c -I../Core/Inc -I../Drivers/STM32F4xx_HAL_Driver/Inc -I../Drivers/STM32F4xx_HAL_Driver/Inc/Legacy -I../Drivers/CMSIS/Device/ST/STM32F4xx/Include -I../Drivers/CMSIS/Include -O0 -ffunction-sections -fdata-sections -Wall -fstack-usage -fcyclomatic-complexity -MMD -MP -MF"Core/Src/main.d" -MT"Core/Src/main.o" --specs=nano.specs -mfpu=fpv4-sp-d16 -mfloat-abi=hard -mthumb -o "Core/Src/main.o"
../Core/Src/main.c: In function 'main':
../Core/Src/main.c:134:11: warning: implicit declaration of function 'sprintf' [-Wimplicit-function-declaration]
  134 |           sprintf(frase, "dif=%d", difADCs);
      |           ^~~~~~~
../Core/Src/main.c:31:1: note: include '<stdio.h>' or provide a declaration of 'sprintf'
   30 | #include "stdlib.h"
  +++ |+#include <stdio.h>
   31 | /* USER CODE END Includes */
../Core/Src/main.c:134:11: warning: incompatible implicit declaration of built-in function 'sprintf' [-Wbuiltin-declaration-mismatch]
  134 |           sprintf(frase, "dif=%d", difADCs);
      |           ^~~~~~~
../Core/Src/main.c:134:11: note: include '<stdio.h>' or provide a declaration of 'sprintf'
../Core/Src/main.c:135:38: warning: pointer targets in passing argument 2 of 'HAL_UART_Transmit' differ in signedness [-Wpointer-sign]
  135 |           HAL_UART_Transmit(&huart2, frase, sizeof(frase), HAL_MAX_DELAY);
      |                                      ^~~~~
      |                                      |
      |                                      char *
In file included from ../Core/Inc/stm32f4xx_hal_conf.h:411,
                 from ../Drivers/STM32F4xx_HAL_Driver/Inc/stm32f4xx_hal.h:29,
                 from ../Core/Inc/main.h:30,
                 from ../Core/Src/main.c:20:
../Drivers/STM32F4xx_HAL_Driver/Inc/stm32f4xx_hal_uart.h:745:79: note: expected 'const uint8_t *' {aka 'const unsigned char *'} but argument is of type 'char *'
  745 | HAL_StatusTypeDef HAL_UART_Transmit(UART_HandleTypeDef *huart, const uint8_t *pData, uint16_t Size, uint32_t Timeout);
      |                                                                ~~~~~~~~~~~~~~~^~~~~
arm-none-eabi-gcc -o "Sun_Tracker.elf" @"objects.list"   -mcpu=cortex-m4 -T"C:\Users\lucas\Documents\4º Ano\Micros_2\Sun_Tracker\Sun_Tracker\STM32F446RETX_FLASH.ld" --specs=nosys.specs -Wl,-Map="Sun_Tracker.map" -Wl,--gc-sections -static --specs=nano.specs -mfpu=fpv4-sp-d16 -mfloat-abi=hard -mthumb -Wl,--start-group -lc -lm -Wl,--end-group
Finished building target: Sun_Tracker.elf
 
arm-none-eabi-size  Sun_Tracker.elf 
arm-none-eabi-objdump -h -S Sun_Tracker.elf  > "Sun_Tracker.list"
   text	   data	    bss	    dec	    hex	filename
  18660	     92	   2212	  20964	   51e4	Sun_Tracker.elf
Finished building: default.size.stdout
 
Finished building: Sun_Tracker.list
 
15:40:25 **** Incremental Build of configuration Debug for project Sun_Tracker ****
make -j12 all 
arm-none-eabi-gcc "../Core/Src/main.c" -mcpu=cortex-m4 -std=gnu11 -g3 -DDEBUG -DUSE_HAL_DRIVER -DSTM32F446xx -c -I../Core/Inc -I../Drivers/STM32F4xx_HAL_Driver/Inc -I../Drivers/STM32F4xx_HAL_Driver/Inc/Legacy -I../Drivers/CMSIS/Device/ST/STM32F4xx/Include -I../Drivers/CMSIS/Include -O0 -ffunction-sections -fdata-sections -Wall -fstack-usage -fcyclomatic-complexity -MMD -MP -MF"Core/Src/main.d" -MT"Core/Src/main.o" --specs=nano.specs -mfpu=fpv4-sp-d16 -mfloat-abi=hard -mthumb -o "Core/Src/main.o"
../Core/Src/main.c: In function 'main':
../Core/Src/main.c:134:11: warning: implicit declaration of function 'sprintf' [-Wimplicit-function-declaration]
  134 |           sprintf(frase, "dif=%d\n\r", difADCs);
      |           ^~~~~~~
../Core/Src/main.c:31:1: note: include '<stdio.h>' or provide a declaration of 'sprintf'
   30 | #include "stdlib.h"
  +++ |+#include <stdio.h>
   31 | /* USER CODE END Includes */
../Core/Src/main.c:134:11: warning: incompatible implicit declaration of built-in function 'sprintf' [-Wbuiltin-declaration-mismatch]
  134 |           sprintf(frase, "dif=%d\n\r", difADCs);
      |           ^~~~~~~
../Core/Src/main.c:134:11: note: include '<stdio.h>' or provide a declaration of 'sprintf'
../Core/Src/main.c:135:38: warning: pointer targets in passing argument 2 of 'HAL_UART_Transmit' differ in signedness [-Wpointer-sign]
  135 |           HAL_UART_Transmit(&huart2, frase, sizeof(frase), HAL_MAX_DELAY);
      |                                      ^~~~~
      |                                      |
      |                                      char *
In file included from ../Core/Inc/stm32f4xx_hal_conf.h:411,
                 from ../Drivers/STM32F4xx_HAL_Driver/Inc/stm32f4xx_hal.h:29,
                 from ../Core/Inc/main.h:30,
                 from ../Core/Src/main.c:20:
../Drivers/STM32F4xx_HAL_Driver/Inc/stm32f4xx_hal_uart.h:745:79: note: expected 'const uint8_t *' {aka 'const unsigned char *'} but argument is of type 'char *'
  745 | HAL_StatusTypeDef HAL_UART_Transmit(UART_HandleTypeDef *huart, const uint8_t *pData, uint16_t Size, uint32_t Timeout);
      |                                                                ~~~~~~~~~~~~~~~^~~~~
arm-none-eabi-gcc -o "Sun_Tracker.elf" @"objects.list"   -mcpu=cortex-m4 -T"C:\Users\lucas\Documents\4º Ano\Micros_2\Sun_Tracker\Sun_Tracker\STM32F446RETX_FLASH.ld" --specs=nosys.specs -Wl,-Map="Sun_Tracker.map" -Wl,--gc-sections -static --specs=nano.specs -mfpu=fpv4-sp-d16 -mfloat-abi=hard -mthumb -Wl,--start-group -lc -lm -Wl,--end-group
Finished building target: Sun_Tracker.elf
 
arm-none-eabi-size  Sun_Tracker.elf 
arm-none-eabi-objdump -h -S Sun_Tracker.elf  > "Sun_Tracker.list"
   text	   data	    bss	    dec	    hex	filename
  18664	     92	   2220	  20976	   51f0	Sun_Tracker.elf
Finished building: default.size.stdout
 
Finished building: Sun_Tracker.list
 
15:45:41 **** Incremental Build of configuration Debug for project Sun_Tracker ****
make -j12 all 
arm-none-eabi-gcc "../Core/Src/main.c" -mcpu=cortex-m4 -std=gnu11 -g3 -DDEBUG -DUSE_HAL_DRIVER -DSTM32F446xx -c -I../Core/Inc -I../Drivers/STM32F4xx_HAL_Driver/Inc -I../Drivers/STM32F4xx_HAL_Driver/Inc/Legacy -I../Drivers/CMSIS/Device/ST/STM32F4xx/Include -I../Drivers/CMSIS/Include -O0 -ffunction-sections -fdata-sections -Wall -fstack-usage -fcyclomatic-complexity -MMD -MP -MF"Core/Src/main.d" -MT"Core/Src/main.o" --specs=nano.specs -mfpu=fpv4-sp-d16 -mfloat-abi=hard -mthumb -o "Core/Src/main.o"
../Core/Src/main.c: In function 'main':
../Core/Src/main.c:126:11: warning: implicit declaration of function 'sprintf' [-Wimplicit-function-declaration]
  126 |           sprintf(frase, "dif=%d\n\r", difADCs);
      |           ^~~~~~~
../Core/Src/main.c:31:1: note: include '<stdio.h>' or provide a declaration of 'sprintf'
   30 | #include "stdlib.h"
  +++ |+#include <stdio.h>
   31 | /* USER CODE END Includes */
../Core/Src/main.c:126:11: warning: incompatible implicit declaration of built-in function 'sprintf' [-Wbuiltin-declaration-mismatch]
  126 |           sprintf(frase, "dif=%d\n\r", difADCs);
      |           ^~~~~~~
../Core/Src/main.c:126:11: note: include '<stdio.h>' or provide a declaration of 'sprintf'
../Core/Src/main.c:127:38: warning: pointer targets in passing argument 2 of 'HAL_UART_Transmit' differ in signedness [-Wpointer-sign]
  127 |           HAL_UART_Transmit(&huart2, frase, sizeof(frase), HAL_MAX_DELAY);
      |                                      ^~~~~
      |                                      |
      |                                      char *
In file included from ../Core/Inc/stm32f4xx_hal_conf.h:411,
                 from ../Drivers/STM32F4xx_HAL_Driver/Inc/stm32f4xx_hal.h:29,
                 from ../Core/Inc/main.h:30,
                 from ../Core/Src/main.c:20:
../Drivers/STM32F4xx_HAL_Driver/Inc/stm32f4xx_hal_uart.h:745:79: note: expected 'const uint8_t *' {aka 'const unsigned char *'} but argument is of type 'char *'
  745 | HAL_StatusTypeDef HAL_UART_Transmit(UART_HandleTypeDef *huart, const uint8_t *pData, uint16_t Size, uint32_t Timeout);
      |                                                                ~~~~~~~~~~~~~~~^~~~~
arm-none-eabi-gcc -o "Sun_Tracker.elf" @"objects.list"   -mcpu=cortex-m4 -T"C:\Users\lucas\Documents\4º Ano\Micros_2\Sun_Tracker\Sun_Tracker\STM32F446RETX_FLASH.ld" --specs=nosys.specs -Wl,-Map="Sun_Tracker.map" -Wl,--gc-sections -static --specs=nano.specs -mfpu=fpv4-sp-d16 -mfloat-abi=hard -mthumb -Wl,--start-group -lc -lm -Wl,--end-group
Finished building target: Sun_Tracker.elf
 
arm-none-eabi-size  Sun_Tracker.elf 
arm-none-eabi-objdump -h -S Sun_Tracker.elf  > "Sun_Tracker.list"
   text	   data	    bss	    dec	    hex	filename
  18564	     92	   2220	  20876	   518c	Sun_Tracker.elf
Finished building: default.size.stdout
 
Finished building: Sun_Tracker.list
 
15:51:20 **** Incremental Build of configuration Debug for project Sun_Tracker ****
make -j12 all 
arm-none-eabi-gcc "../Core/Src/main.c" -mcpu=cortex-m4 -std=gnu11 -g3 -DDEBUG -DUSE_HAL_DRIVER -DSTM32F446xx -c -I../Core/Inc -I../Drivers/STM32F4xx_HAL_Driver/Inc -I../Drivers/STM32F4xx_HAL_Driver/Inc/Legacy -I../Drivers/CMSIS/Device/ST/STM32F4xx/Include -I../Drivers/CMSIS/Include -O0 -ffunction-sections -fdata-sections -Wall -fstack-usage -fcyclomatic-complexity -MMD -MP -MF"Core/Src/main.d" -MT"Core/Src/main.o" --specs=nano.specs -mfpu=fpv4-sp-d16 -mfloat-abi=hard -mthumb -o "Core/Src/main.o"
../Core/Src/main.c: In function 'main':
../Core/Src/main.c:126:11: warning: implicit declaration of function 'sprintf' [-Wimplicit-function-declaration]
  126 |           sprintf(frase, "dif = %d | v1 = %d | v2 = %d\n\r", difADCs, valorADC1, valorADC2);
      |           ^~~~~~~
../Core/Src/main.c:31:1: note: include '<stdio.h>' or provide a declaration of 'sprintf'
   30 | #include "stdlib.h"
  +++ |+#include <stdio.h>
   31 | /* USER CODE END Includes */
../Core/Src/main.c:126:11: warning: incompatible implicit declaration of built-in function 'sprintf' [-Wbuiltin-declaration-mismatch]
  126 |           sprintf(frase, "dif = %d | v1 = %d | v2 = %d\n\r", difADCs, valorADC1, valorADC2);
      |           ^~~~~~~
../Core/Src/main.c:126:11: note: include '<stdio.h>' or provide a declaration of 'sprintf'
../Core/Src/main.c:126:44: warning: format '%d' expects argument of type 'int', but argument 4 has type 'uint32_t' {aka 'long unsigned int'} [-Wformat=]
  126 |           sprintf(frase, "dif = %d | v1 = %d | v2 = %d\n\r", difADCs, valorADC1, valorADC2);
      |                                           ~^                          ~~~~~~~~~
      |                                            |                          |
      |                                            int                        uint32_t {aka long unsigned int}
      |                                           %ld
../Core/Src/main.c:126:54: warning: format '%d' expects argument of type 'int', but argument 5 has type 'uint32_t' {aka 'long unsigned int'} [-Wformat=]
  126 |           sprintf(frase, "dif = %d | v1 = %d | v2 = %d\n\r", difADCs, valorADC1, valorADC2);
      |                                                     ~^                           ~~~~~~~~~
      |                                                      |                           |
      |                                                      int                         uint32_t {aka long unsigned int}
      |                                                     %ld
../Core/Src/main.c:127:38: warning: pointer targets in passing argument 2 of 'HAL_UART_Transmit' differ in signedness [-Wpointer-sign]
  127 |           HAL_UART_Transmit(&huart2, frase, sizeof(frase), HAL_MAX_DELAY);
      |                                      ^~~~~
      |                                      |
      |                                      char *
In file included from ../Core/Inc/stm32f4xx_hal_conf.h:411,
                 from ../Drivers/STM32F4xx_HAL_Driver/Inc/stm32f4xx_hal.h:29,
                 from ../Core/Inc/main.h:30,
                 from ../Core/Src/main.c:20:
../Drivers/STM32F4xx_HAL_Driver/Inc/stm32f4xx_hal_uart.h:745:79: note: expected 'const uint8_t *' {aka 'const unsigned char *'} but argument is of type 'char *'
  745 | HAL_StatusTypeDef HAL_UART_Transmit(UART_HandleTypeDef *huart, const uint8_t *pData, uint16_t Size, uint32_t Timeout);
      |                                                                ~~~~~~~~~~~~~~~^~~~~
arm-none-eabi-gcc -o "Sun_Tracker.elf" @"objects.list"   -mcpu=cortex-m4 -T"C:\Users\lucas\Documents\4º Ano\Micros_2\Sun_Tracker\Sun_Tracker\STM32F446RETX_FLASH.ld" --specs=nosys.specs -Wl,-Map="Sun_Tracker.map" -Wl,--gc-sections -static --specs=nano.specs -mfpu=fpv4-sp-d16 -mfloat-abi=hard -mthumb -Wl,--start-group -lc -lm -Wl,--end-group
Finished building target: Sun_Tracker.elf
 
arm-none-eabi-size  Sun_Tracker.elf 
arm-none-eabi-objdump -h -S Sun_Tracker.elf  > "Sun_Tracker.list"
   text	   data	    bss	    dec	    hex	filename
  18596	     92	   2252	  20940	   51cc	Sun_Tracker.elf
Finished building: default.size.stdout
 
Finished building: Sun_Tracker.list
 
16:00:02 **** Incremental Build of configuration Debug for project Sun_Tracker ****
make -j12 all 
arm-none-eabi-gcc "../Core/Src/main.c" -mcpu=cortex-m4 -std=gnu11 -g3 -DDEBUG -DUSE_HAL_DRIVER -DSTM32F446xx -c -I../Core/Inc -I../Drivers/STM32F4xx_HAL_Driver/Inc -I../Drivers/STM32F4xx_HAL_Driver/Inc/Legacy -I../Drivers/CMSIS/Device/ST/STM32F4xx/Include -I../Drivers/CMSIS/Include -O0 -ffunction-sections -fdata-sections -Wall -fstack-usage -fcyclomatic-complexity -MMD -MP -MF"Core/Src/main.d" -MT"Core/Src/main.o" --specs=nano.specs -mfpu=fpv4-sp-d16 -mfloat-abi=hard -mthumb -o "Core/Src/main.o"
../Core/Src/main.c: In function 'main':
../Core/Src/main.c:126:11: warning: implicit declaration of function 'sprintf' [-Wimplicit-function-declaration]
  126 |           sprintf(frase, "dif = %d | v1 = %d | v2 = %d\n\r", difADCs, valorADC1, valorADC2);
      |           ^~~~~~~
../Core/Src/main.c:31:1: note: include '<stdio.h>' or provide a declaration of 'sprintf'
   30 | #include "stdlib.h"
  +++ |+#include <stdio.h>
   31 | /* USER CODE END Includes */
../Core/Src/main.c:126:11: warning: incompatible implicit declaration of built-in function 'sprintf' [-Wbuiltin-declaration-mismatch]
  126 |           sprintf(frase, "dif = %d | v1 = %d | v2 = %d\n\r", difADCs, valorADC1, valorADC2);
      |           ^~~~~~~
../Core/Src/main.c:126:11: note: include '<stdio.h>' or provide a declaration of 'sprintf'
../Core/Src/main.c:126:44: warning: format '%d' expects argument of type 'int', but argument 4 has type 'uint32_t' {aka 'long unsigned int'} [-Wformat=]
  126 |           sprintf(frase, "dif = %d | v1 = %d | v2 = %d\n\r", difADCs, valorADC1, valorADC2);
      |                                           ~^                          ~~~~~~~~~
      |                                            |                          |
      |                                            int                        uint32_t {aka long unsigned int}
      |                                           %ld
../Core/Src/main.c:126:54: warning: format '%d' expects argument of type 'int', but argument 5 has type 'uint32_t' {aka 'long unsigned int'} [-Wformat=]
  126 |           sprintf(frase, "dif = %d | v1 = %d | v2 = %d\n\r", difADCs, valorADC1, valorADC2);
      |                                                     ~^                           ~~~~~~~~~
      |                                                      |                           |
      |                                                      int                         uint32_t {aka long unsigned int}
      |                                                     %ld
../Core/Src/main.c:127:38: warning: pointer targets in passing argument 2 of 'HAL_UART_Transmit' differ in signedness [-Wpointer-sign]
  127 |           HAL_UART_Transmit(&huart2, frase, sizeof(frase), HAL_MAX_DELAY);
      |                                      ^~~~~
      |                                      |
      |                                      char *
In file included from ../Core/Inc/stm32f4xx_hal_conf.h:411,
                 from ../Drivers/STM32F4xx_HAL_Driver/Inc/stm32f4xx_hal.h:29,
                 from ../Core/Inc/main.h:30,
                 from ../Core/Src/main.c:20:
../Drivers/STM32F4xx_HAL_Driver/Inc/stm32f4xx_hal_uart.h:745:79: note: expected 'const uint8_t *' {aka 'const unsigned char *'} but argument is of type 'char *'
  745 | HAL_StatusTypeDef HAL_UART_Transmit(UART_HandleTypeDef *huart, const uint8_t *pData, uint16_t Size, uint32_t Timeout);
      |                                                                ~~~~~~~~~~~~~~~^~~~~
arm-none-eabi-gcc -o "Sun_Tracker.elf" @"objects.list"   -mcpu=cortex-m4 -T"C:\Users\lucas\Documents\4º Ano\Micros_2\Sun_Tracker\Sun_Tracker\STM32F446RETX_FLASH.ld" --specs=nosys.specs -Wl,-Map="Sun_Tracker.map" -Wl,--gc-sections -static --specs=nano.specs -mfpu=fpv4-sp-d16 -mfloat-abi=hard -mthumb -Wl,--start-group -lc -lm -Wl,--end-group
Finished building target: Sun_Tracker.elf
 
arm-none-eabi-size  Sun_Tracker.elf 
arm-none-eabi-objdump -h -S Sun_Tracker.elf  > "Sun_Tracker.list"
   text	   data	    bss	    dec	    hex	filename
  18600	     92	   2252	  20944	   51d0	Sun_Tracker.elf
Finished building: default.size.stdout
 
Finished building: Sun_Tracker.list
 
16:03:13 **** Incremental Build of configuration Debug for project Sun_Tracker ****
make -j12 all 
arm-none-eabi-gcc "../Core/Src/main.c" -mcpu=cortex-m4 -std=gnu11 -g3 -DDEBUG -DUSE_HAL_DRIVER -DSTM32F446xx -c -I../Core/Inc -I../Drivers/STM32F4xx_HAL_Driver/Inc -I../Drivers/STM32F4xx_HAL_Driver/Inc/Legacy -I../Drivers/CMSIS/Device/ST/STM32F4xx/Include -I../Drivers/CMSIS/Include -O0 -ffunction-sections -fdata-sections -Wall -fstack-usage -fcyclomatic-complexity -MMD -MP -MF"Core/Src/main.d" -MT"Core/Src/main.o" --specs=nano.specs -mfpu=fpv4-sp-d16 -mfloat-abi=hard -mthumb -o "Core/Src/main.o"
../Core/Src/main.c: In function 'main':
../Core/Src/main.c:134:11: warning: implicit declaration of function 'sprintf' [-Wimplicit-function-declaration]
  134 |           sprintf(frase, "dif = %d | v1 = %d | v2 = %d\n\r", difADCs, valorADC1, valorADC2);
      |           ^~~~~~~
../Core/Src/main.c:31:1: note: include '<stdio.h>' or provide a declaration of 'sprintf'
   30 | #include "stdlib.h"
  +++ |+#include <stdio.h>
   31 | /* USER CODE END Includes */
../Core/Src/main.c:134:11: warning: incompatible implicit declaration of built-in function 'sprintf' [-Wbuiltin-declaration-mismatch]
  134 |           sprintf(frase, "dif = %d | v1 = %d | v2 = %d\n\r", difADCs, valorADC1, valorADC2);
      |           ^~~~~~~
../Core/Src/main.c:134:11: note: include '<stdio.h>' or provide a declaration of 'sprintf'
../Core/Src/main.c:134:44: warning: format '%d' expects argument of type 'int', but argument 4 has type 'uint32_t' {aka 'long unsigned int'} [-Wformat=]
  134 |           sprintf(frase, "dif = %d | v1 = %d | v2 = %d\n\r", difADCs, valorADC1, valorADC2);
      |                                           ~^                          ~~~~~~~~~
      |                                            |                          |
      |                                            int                        uint32_t {aka long unsigned int}
      |                                           %ld
../Core/Src/main.c:134:54: warning: format '%d' expects argument of type 'int', but argument 5 has type 'uint32_t' {aka 'long unsigned int'} [-Wformat=]
  134 |           sprintf(frase, "dif = %d | v1 = %d | v2 = %d\n\r", difADCs, valorADC1, valorADC2);
      |                                                     ~^                           ~~~~~~~~~
      |                                                      |                           |
      |                                                      int                         uint32_t {aka long unsigned int}
      |                                                     %ld
../Core/Src/main.c:135:38: warning: pointer targets in passing argument 2 of 'HAL_UART_Transmit' differ in signedness [-Wpointer-sign]
  135 |           HAL_UART_Transmit(&huart2, frase, sizeof(frase), HAL_MAX_DELAY);
      |                                      ^~~~~
      |                                      |
      |                                      char *
In file included from ../Core/Inc/stm32f4xx_hal_conf.h:411,
                 from ../Drivers/STM32F4xx_HAL_Driver/Inc/stm32f4xx_hal.h:29,
                 from ../Core/Inc/main.h:30,
                 from ../Core/Src/main.c:20:
../Drivers/STM32F4xx_HAL_Driver/Inc/stm32f4xx_hal_uart.h:745:79: note: expected 'const uint8_t *' {aka 'const unsigned char *'} but argument is of type 'char *'
  745 | HAL_StatusTypeDef HAL_UART_Transmit(UART_HandleTypeDef *huart, const uint8_t *pData, uint16_t Size, uint32_t Timeout);
      |                                                                ~~~~~~~~~~~~~~~^~~~~
arm-none-eabi-gcc -o "Sun_Tracker.elf" @"objects.list"   -mcpu=cortex-m4 -T"C:\Users\lucas\Documents\4º Ano\Micros_2\Sun_Tracker\Sun_Tracker\STM32F446RETX_FLASH.ld" --specs=nosys.specs -Wl,-Map="Sun_Tracker.map" -Wl,--gc-sections -static --specs=nano.specs -mfpu=fpv4-sp-d16 -mfloat-abi=hard -mthumb -Wl,--start-group -lc -lm -Wl,--end-group
Finished building target: Sun_Tracker.elf
 
arm-none-eabi-size  Sun_Tracker.elf 
arm-none-eabi-objdump -h -S Sun_Tracker.elf  > "Sun_Tracker.list"
   text	   data	    bss	    dec	    hex	filename
  18696	     92	   2252	  21040	   5230	Sun_Tracker.elf
Finished building: default.size.stdout
 
Finished building: Sun_Tracker.list
 
16:06:44 **** Incremental Build of configuration Debug for project Sun_Tracker ****
make -j12 all 
arm-none-eabi-gcc "../Core/Src/main.c" -mcpu=cortex-m4 -std=gnu11 -g3 -DDEBUG -DUSE_HAL_DRIVER -DSTM32F446xx -c -I../Core/Inc -I../Drivers/STM32F4xx_HAL_Driver/Inc -I../Drivers/STM32F4xx_HAL_Driver/Inc/Legacy -I../Drivers/CMSIS/Device/ST/STM32F4xx/Include -I../Drivers/CMSIS/Include -O0 -ffunction-sections -fdata-sections -Wall -fstack-usage -fcyclomatic-complexity -MMD -MP -MF"Core/Src/main.d" -MT"Core/Src/main.o" --specs=nano.specs -mfpu=fpv4-sp-d16 -mfloat-abi=hard -mthumb -o "Core/Src/main.o"
../Core/Src/main.c: In function 'main':
../Core/Src/main.c:134:11: warning: implicit declaration of function 'sprintf' [-Wimplicit-function-declaration]
  134 |           sprintf(frase, "dif = %d | v1 = %d | v2 = %d\n\r", difADCs, valorADC1, valorADC2);
      |           ^~~~~~~
../Core/Src/main.c:31:1: note: include '<stdio.h>' or provide a declaration of 'sprintf'
   30 | #include "stdlib.h"
  +++ |+#include <stdio.h>
   31 | /* USER CODE END Includes */
../Core/Src/main.c:134:11: warning: incompatible implicit declaration of built-in function 'sprintf' [-Wbuiltin-declaration-mismatch]
  134 |           sprintf(frase, "dif = %d | v1 = %d | v2 = %d\n\r", difADCs, valorADC1, valorADC2);
      |           ^~~~~~~
../Core/Src/main.c:134:11: note: include '<stdio.h>' or provide a declaration of 'sprintf'
../Core/Src/main.c:134:44: warning: format '%d' expects argument of type 'int', but argument 4 has type 'uint32_t' {aka 'long unsigned int'} [-Wformat=]
  134 |           sprintf(frase, "dif = %d | v1 = %d | v2 = %d\n\r", difADCs, valorADC1, valorADC2);
      |                                           ~^                          ~~~~~~~~~
      |                                            |                          |
      |                                            int                        uint32_t {aka long unsigned int}
      |                                           %ld
../Core/Src/main.c:134:54: warning: format '%d' expects argument of type 'int', but argument 5 has type 'uint32_t' {aka 'long unsigned int'} [-Wformat=]
  134 |           sprintf(frase, "dif = %d | v1 = %d | v2 = %d\n\r", difADCs, valorADC1, valorADC2);
      |                                                     ~^                           ~~~~~~~~~
      |                                                      |                           |
      |                                                      int                         uint32_t {aka long unsigned int}
      |                                                     %ld
../Core/Src/main.c:135:38: warning: pointer targets in passing argument 2 of 'HAL_UART_Transmit' differ in signedness [-Wpointer-sign]
  135 |           HAL_UART_Transmit(&huart2, frase, sizeof(frase), HAL_MAX_DELAY);
      |                                      ^~~~~
      |                                      |
      |                                      char *
In file included from ../Core/Inc/stm32f4xx_hal_conf.h:411,
                 from ../Drivers/STM32F4xx_HAL_Driver/Inc/stm32f4xx_hal.h:29,
                 from ../Core/Inc/main.h:30,
                 from ../Core/Src/main.c:20:
../Drivers/STM32F4xx_HAL_Driver/Inc/stm32f4xx_hal_uart.h:745:79: note: expected 'const uint8_t *' {aka 'const unsigned char *'} but argument is of type 'char *'
  745 | HAL_StatusTypeDef HAL_UART_Transmit(UART_HandleTypeDef *huart, const uint8_t *pData, uint16_t Size, uint32_t Timeout);
      |                                                                ~~~~~~~~~~~~~~~^~~~~
arm-none-eabi-gcc -o "Sun_Tracker.elf" @"objects.list"   -mcpu=cortex-m4 -T"C:\Users\lucas\Documents\4º Ano\Micros_2\Sun_Tracker\Sun_Tracker\STM32F446RETX_FLASH.ld" --specs=nosys.specs -Wl,-Map="Sun_Tracker.map" -Wl,--gc-sections -static --specs=nano.specs -mfpu=fpv4-sp-d16 -mfloat-abi=hard -mthumb -Wl,--start-group -lc -lm -Wl,--end-group
Finished building target: Sun_Tracker.elf
 
arm-none-eabi-size  Sun_Tracker.elf 
arm-none-eabi-objdump -h -S Sun_Tracker.elf  > "Sun_Tracker.list"
   text	   data	    bss	    dec	    hex	filename
  18692	     92	   2252	  21036	   522c	Sun_Tracker.elf
Finished building: default.size.stdout
 
Finished building: Sun_Tracker.list
 
