09:19:13 **** Incremental Build of configuration Debug for project Sun_Tracker ****
make -j12 all 
arm-none-eabi-gcc "../Core/Src/adc.c" -mcpu=cortex-m4 -std=gnu11 -g3 -DDEBUG -DUSE_HAL_DRIVER -DSTM32F446xx -c -I../Core/Inc -I../Drivers/STM32F4xx_HAL_Driver/Inc -I../Drivers/STM32F4xx_HAL_Driver/Inc/Legacy -I../Drivers/CMSIS/Device/ST/STM32F4xx/Include -I../Drivers/CMSIS/Include -O0 -ffunction-sections -fdata-sections -Wall -fstack-usage -fcyclomatic-complexity -MMD -MP -MF"Core/Src/adc.d" -MT"Core/Src/adc.o" --specs=nano.specs -mfpu=fpv4-sp-d16 -mfloat-abi=hard -mthumb -o "Core/Src/adc.o"
arm-none-eabi-gcc -o "Sun_Tracker.elf" @"objects.list"   -mcpu=cortex-m4 -T"C:\Users\lucas\Documents\4º Ano\Micros_2\Sun_Tracker\Sun_Tracker\STM32F446RETX_FLASH.ld" --specs=nosys.specs -Wl,-Map="Sun_Tracker.map" -Wl,--gc-sections -static --specs=nano.specs -mfpu=fpv4-sp-d16 -mfloat-abi=hard -mthumb -u _printf_float -Wl,--start-group -lc -lm -Wl,--end-group
Finished building target: Sun_Tracker.elf
 
arm-none-eabi-size  Sun_Tracker.elf 
arm-none-eabi-objdump -h -S Sun_Tracker.elf  > "Sun_Tracker.list"
   text	   data	    bss	    dec	    hex	filename
  37928	    472	   2480	  40880	   9fb0	Sun_Tracker.elf
Finished building: default.size.stdout
 
Finished building: Sun_Tracker.list
 

09:19:14 Build Finished. 0 errors, 0 warnings. (took 1s.782ms)

