16:06:44 **** Incremental Build of configuration Debug for project Sun_Tracker ****
make -j12 all 
arm-none-eabi-gcc "../Core/Src/main.c" -mcpu=cortex-m4 -std=gnu11 -g3 -DDEBUG -DUSE_HAL_DRIVER -DSTM32F446xx -c -I../Core/Inc -I../Drivers/STM32F4xx_HAL_Driver/Inc -I../Drivers/STM32F4xx_HAL_Driver/Inc/Legacy -I../Drivers/CMSIS/Device/ST/STM32F4xx/Include -I../Drivers/CMSIS/Include -O0 -ffunction-sections -fdata-sections -Wall -fstack-usage -fcyclomatic-complexity -MMD -MP -MF"Core/Src/main.d" -MT"Core/Src/main.o" --specs=nano.specs -mfpu=fpv4-sp-d16 -mfloat-abi=hard -mthumb -o "Core/Src/main.o"
../Core/Src/main.c: In function 'main':
../Core/Src/main.c:134:11: warning: implicit declaration of function 'sprintf' [-Wimplicit-function-declaration]
  134 |           sprintf(frase, "dif = %d | v1 = %d | v2 = %d\n\r", difADCs, valorADC1, valorADC2);
      |           ^~~~~~~
../Core/Src/main.c:31:1: note: include '<stdio.h>' or provide a declaration of 'sprintf'
   30 | #include "stdlib.h"
  +++ |+#include <stdio.h>
   31 | /* USER CODE END Includes */
../Core/Src/main.c:134:11: warning: incompatible implicit declaration of built-in function 'sprintf' [-Wbuiltin-declaration-mismatch]
  134 |           sprintf(frase, "dif = %d | v1 = %d | v2 = %d\n\r", difADCs, valorADC1, valorADC2);
      |           ^~~~~~~
../Core/Src/main.c:134:11: note: include '<stdio.h>' or provide a declaration of 'sprintf'
../Core/Src/main.c:134:44: warning: format '%d' expects argument of type 'int', but argument 4 has type 'uint32_t' {aka 'long unsigned int'} [-Wformat=]
  134 |           sprintf(frase, "dif = %d | v1 = %d | v2 = %d\n\r", difADCs, valorADC1, valorADC2);
      |                                           ~^                          ~~~~~~~~~
      |                                            |                          |
      |                                            int                        uint32_t {aka long unsigned int}
      |                                           %ld
../Core/Src/main.c:134:54: warning: format '%d' expects argument of type 'int', but argument 5 has type 'uint32_t' {aka 'long unsigned int'} [-Wformat=]
  134 |           sprintf(frase, "dif = %d | v1 = %d | v2 = %d\n\r", difADCs, valorADC1, valorADC2);
      |                                                     ~^                           ~~~~~~~~~
      |                                                      |                           |
      |                                                      int                         uint32_t {aka long unsigned int}
      |                                                     %ld
../Core/Src/main.c:135:38: warning: pointer targets in passing argument 2 of 'HAL_UART_Transmit' differ in signedness [-Wpointer-sign]
  135 |           HAL_UART_Transmit(&huart2, frase, sizeof(frase), HAL_MAX_DELAY);
      |                                      ^~~~~
      |                                      |
      |                                      char *
In file included from ../Core/Inc/stm32f4xx_hal_conf.h:411,
                 from ../Drivers/STM32F4xx_HAL_Driver/Inc/stm32f4xx_hal.h:29,
                 from ../Core/Inc/main.h:30,
                 from ../Core/Src/main.c:20:
../Drivers/STM32F4xx_HAL_Driver/Inc/stm32f4xx_hal_uart.h:745:79: note: expected 'const uint8_t *' {aka 'const unsigned char *'} but argument is of type 'char *'
  745 | HAL_StatusTypeDef HAL_UART_Transmit(UART_HandleTypeDef *huart, const uint8_t *pData, uint16_t Size, uint32_t Timeout);
      |                                                                ~~~~~~~~~~~~~~~^~~~~
arm-none-eabi-gcc -o "Sun_Tracker.elf" @"objects.list"   -mcpu=cortex-m4 -T"C:\Users\lucas\Documents\4º Ano\Micros_2\Sun_Tracker\Sun_Tracker\STM32F446RETX_FLASH.ld" --specs=nosys.specs -Wl,-Map="Sun_Tracker.map" -Wl,--gc-sections -static --specs=nano.specs -mfpu=fpv4-sp-d16 -mfloat-abi=hard -mthumb -Wl,--start-group -lc -lm -Wl,--end-group
Finished building target: Sun_Tracker.elf
 
arm-none-eabi-size  Sun_Tracker.elf 
arm-none-eabi-objdump -h -S Sun_Tracker.elf  > "Sun_Tracker.list"
   text	   data	    bss	    dec	    hex	filename
  18692	     92	   2252	  21036	   522c	Sun_Tracker.elf
Finished building: default.size.stdout
 
Finished building: Sun_Tracker.list
 

16:06:45 Build Finished. 0 errors, 5 warnings. (took 974ms)

