08:50:32 **** Incremental Build of configuration Debug for project Teste_Encoder ****
make -j12 all 
arm-none-eabi-gcc "../Core/Src/tim.c" -mcpu=cortex-m4 -std=gnu11 -g3 -DDEBUG -DUSE_HAL_DRIVER -DSTM32F446xx -c -I../Core/Inc -I../Drivers/STM32F4xx_HAL_Driver/Inc -I../Drivers/STM32F4xx_HAL_Driver/Inc/Legacy -I../Drivers/CMSIS/Device/ST/STM32F4xx/Include -I../Drivers/CMSIS/Include -O0 -ffunction-sections -fdata-sections -Wall -fstack-usage -fcyclomatic-complexity -MMD -MP -MF"Core/Src/tim.d" -MT"Core/Src/tim.o" --specs=nano.specs -mfpu=fpv4-sp-d16 -mfloat-abi=hard -mthumb -o "Core/Src/tim.o"
arm-none-eabi-gcc -o "Teste_Encoder.elf" @"objects.list"   -mcpu=cortex-m4 -T"C:\Users\lucas\Documents\4º Ano\Micros_2\Sun_Tracker\Teste_Encoder\STM32F446RETX_FLASH.ld" --specs=nosys.specs -Wl,-Map="Teste_Encoder.map" -Wl,--gc-sections -static --specs=nano.specs -mfpu=fpv4-sp-d16 -mfloat-abi=hard -mthumb -Wl,--start-group -lc -lm -Wl,--end-group
Finished building target: Teste_Encoder.elf
 
arm-none-eabi-size  Teste_Encoder.elf 
arm-none-eabi-objdump -h -S Teste_Encoder.elf  > "Teste_Encoder.list"
   text	   data	    bss	    dec	    hex	filename
  10152	     12	   1724	  11888	   2e70	Teste_Encoder.elf
Finished building: default.size.stdout
 
Finished building: Teste_Encoder.list
 

08:50:34 Build Finished. 0 errors, 0 warnings. (took 1s.477ms)

